C:\Program Files\dotnet\sdk\10.0.200\Microsoft.Common.CurrentVersion.targets(5094,5): error MSB3027: Could not copy "c:\Users\mehme\source\repos\BusinessManagement\BusinessManagement.MVC.Domain\bin\Debug\net10.0\BusinessManagement.MVC.Domain.dll" to "bin\Debug\net10.0\BusinessManagement.MVC.Domain.dll". Exceeded retry count of 10. Failed. The file is locked by: "BusinessManagement.MVC.WebApp (2608)" [c:\Users\mehme\source\repos\BusinessManagement\BusinessManagement.MVC.WebApp\BusinessManagement.MVC.WebApp.csproj]
C:\Program Files\dotnet\sdk\10.0.200\Microsoft.Common.CurrentVersion.targets(5094,5): error MSB3021: Unable to copy file "c:\Users\mehme\source\repos\BusinessManagement\BusinessManagement.MVC.Domain\bin\Debug\net10.0\BusinessManagement.MVC.Domain.dll" to "bin\Debug\net10.0\BusinessManagement.MVC.Domain.dll". The process cannot access the file 'c:\Users\mehme\source\repos\BusinessManagement\BusinessManagement.MVC.WebApp\bin\Debug\net10.0\BusinessManagement.MVC.Domain.dll' because it is being used by another process. [c:\Users\mehme\source\repos\BusinessManagement\BusinessManagement.MVC.WebApp\BusinessManagement.MVC.WebApp.csproj]
C:\Program Files\dotnet\sdk\10.0.200\Microsoft.Common.CurrentVersion.targets(5094,5): error MSB3027: Could not copy "c:\Users\mehme\source\repos\BusinessManagement\BusinessManagement.MVC.DTO\bin\Debug\net10.0\BusinessManagement.MVC.DTO.dll" to "bin\Debug\net10.0\BusinessManagement.MVC.DTO.dll". Exceeded retry count of 10. Failed. The file is locked by: "BusinessManagement.MVC.WebApp (2608)" [c:\Users\mehme\source\repos\BusinessManagement\BusinessManagement.MVC.WebApp\BusinessManagement.MVC.WebApp.csproj]
C:\Program Files\dotnet\sdk\10.0.200\Microsoft.Common.CurrentVersion.targets(5094,5): error MSB3021: Unable to copy file "c:\Users\mehme\source\repos\BusinessManagement\BusinessManagement.MVC.DTO\bin\Debug\net10.0\BusinessManagement.MVC.DTO.dll" to "bin\Debug\net10.0\BusinessManagement.MVC.DTO.dll". The process cannot access the file 'c:\Users\mehme\source\repos\BusinessManagement\BusinessManagement.MVC.WebApp\bin\Debug\net10.0\BusinessManagement.MVC.DTO.dll' because it is being used by another process. [c:\Users\mehme\source\repos\BusinessManagement\BusinessManagement.MVC.WebApp\BusinessManagement.MVC.WebApp.csproj]
C:\Program Files\dotnet\sdk\10.0.200\Microsoft.Common.CurrentVersion.targets(5094,5): error MSB3027: Could not copy "c:\Users\mehme\source\repos\BusinessManagement\BusinessManagement.MVC.Application\bin\Debug\net10.0\BusinessManagement.MVC.Application.dll" to "bin\Debug\net10.0\BusinessManagement.MVC.Application.dll". Exceeded retry count of 10. Failed. The file is locked by: "Microsoft Visual Studio Insiders (16536), BusinessManagement.MVC.WebApp (2608)" [c:\Users\mehme\source\repos\BusinessManagement\BusinessManagement.MVC.WebApp\BusinessManagement.MVC.WebApp.csproj]
C:\Program Files\dotnet\sdk\10.0.200\Microsoft.Common.CurrentVersion.targets(5094,5): error MSB3021: Unable to copy file "c:\Users\mehme\source\repos\BusinessManagement\BusinessManagement.MVC.Application\bin\Debug\net10.0\BusinessManagement.MVC.Application.dll" to "bin\Debug\net10.0\BusinessManagement.MVC.Application.dll". The process cannot access the file 'c:\Users\mehme\source\repos\BusinessManagement\BusinessManagement.MVC.WebApp\bin\Debug\net10.0\BusinessManagement.MVC.Application.dll' because it is being used by another process. [c:\Users\mehme\source\repos\BusinessManagement\BusinessManagement.MVC.WebApp\BusinessManagement.MVC.WebApp.csproj]

Build FAILED.
    36 Warning(s)
    6 Error(s)

Time Elapsed 00:00:19.36
