  Determining projects to restore...
  All projects are up-to-date for restore.
C:\Users\mehme\source\repos\BusinessManagement\BusinessManagement.MVC.DTO\OrderDTOs\AddOrderDto.cs(2,30): error CS0234: The type or namespace name 'Domain' does not exist in the namespace 'BusinessManagement.MVC' (are you missing an assembly reference?) [C:\Users\mehme\source\repos\BusinessManagement\BusinessManagement.MVC.DTO\BusinessManagement.MVC.DTO.csproj]
C:\Users\mehme\source\repos\BusinessManagement\BusinessManagement.MVC.DTO\OrderDTOs\ResultOrderDto.cs(2,30): error CS0234: The type or namespace name 'Domain' does not exist in the namespace 'BusinessManagement.MVC' (are you missing an assembly reference?) [C:\Users\mehme\source\repos\BusinessManagement\BusinessManagement.MVC.DTO\BusinessManagement.MVC.DTO.csproj]
C:\Users\mehme\source\repos\BusinessManagement\BusinessManagement.MVC.DTO\OrderDTOs\UpdateOrderDto.cs(2,30): error CS0234: The type or namespace name 'Domain' does not exist in the namespace 'BusinessManagement.MVC' (are you missing an assembly reference?) [C:\Users\mehme\source\repos\BusinessManagement\BusinessManagement.MVC.DTO\BusinessManagement.MVC.DTO.csproj]
C:\Users\mehme\source\repos\BusinessManagement\BusinessManagement.MVC.DTO\OrderDTOs\AddOrderDto.cs(14,16): error CS0246: The type or namespace name 'OrderStatus' could not be found (are you missing a using directive or an assembly reference?) [C:\Users\mehme\source\repos\BusinessManagement\BusinessManagement.MVC.DTO\BusinessManagement.MVC.DTO.csproj]
C:\Users\mehme\source\repos\BusinessManagement\BusinessManagement.MVC.DTO\OrderDTOs\ResultOrderDto.cs(15,16): error CS0246: The type or namespace name 'OrderStatus' could not be found (are you missing a using directive or an assembly reference?) [C:\Users\mehme\source\repos\BusinessManagement\BusinessManagement.MVC.DTO\BusinessManagement.MVC.DTO.csproj]
C:\Users\mehme\source\repos\BusinessManagement\BusinessManagement.MVC.DTO\OrderDTOs\UpdateOrderDto.cs(15,16): error CS0246: The type or namespace name 'OrderStatus' could not be found (are you missing a using directive or an assembly reference?) [C:\Users\mehme\source\repos\BusinessManagement\BusinessManagement.MVC.DTO\BusinessManagement.MVC.DTO.csproj]

Build FAILED.

C:\Users\mehme\source\repos\BusinessManagement\BusinessManagement.MVC.DTO\OrderDTOs\AddOrderDto.cs(2,30): error CS0234: The type or namespace name 'Domain' does not exist in the namespace 'BusinessManagement.MVC' (are you missing an assembly reference?) [C:\Users\mehme\source\repos\BusinessManagement\BusinessManagement.MVC.DTO\BusinessManagement.MVC.DTO.csproj]
C:\Users\mehme\source\repos\BusinessManagement\BusinessManagement.MVC.DTO\OrderDTOs\ResultOrderDto.cs(2,30): error CS0234: The type or namespace name 'Domain' does not exist in the namespace 'BusinessManagement.MVC' (are you missing an assembly reference?) [C:\Users\mehme\source\repos\BusinessManagement\BusinessManagement.MVC.DTO\BusinessManagement.MVC.DTO.csproj]
C:\Users\mehme\source\repos\BusinessManagement\BusinessManagement.MVC.DTO\OrderDTOs\UpdateOrderDto.cs(2,30): error CS0234: The type or namespace name 'Domain' does not exist in the namespace 'BusinessManagement.MVC' (are you missing an assembly reference?) [C:\Users\mehme\source\repos\BusinessManagement\BusinessManagement.MVC.DTO\BusinessManagement.MVC.DTO.csproj]
C:\Users\mehme\source\repos\BusinessManagement\BusinessManagement.MVC.DTO\OrderDTOs\AddOrderDto.cs(14,16): error CS0246: The type or namespace name 'OrderStatus' could not be found (are you missing a using directive or an assembly reference?) [C:\Users\mehme\source\repos\BusinessManagement\BusinessManagement.MVC.DTO\BusinessManagement.MVC.DTO.csproj]
C:\Users\mehme\source\repos\BusinessManagement\BusinessManagement.MVC.DTO\OrderDTOs\ResultOrderDto.cs(15,16): error CS0246: The type or namespace name 'OrderStatus' could not be found (are you missing a using directive or an assembly reference?) [C:\Users\mehme\source\repos\BusinessManagement\BusinessManagement.MVC.DTO\BusinessManagement.MVC.DTO.csproj]
C:\Users\mehme\source\repos\BusinessManagement\BusinessManagement.MVC.DTO\OrderDTOs\UpdateOrderDto.cs(15,16): error CS0246: The type or namespace name 'OrderStatus' could not be found (are you missing a using directive or an assembly reference?) [C:\Users\mehme\source\repos\BusinessManagement\BusinessManagement.MVC.DTO\BusinessManagement.MVC.DTO.csproj]
    0 Warning(s)
    6 Error(s)

Time Elapsed 00:00:01.80
